======================================================================
  CINEFORGE — PORTFOLIO GENERATOR
======================================================================
  [1/12] theme=aurora     motion=orbit      ... Generating 33 frames at 15.0 fps...
  Rendered 10/33 frames
  Rendered 20/33 frames
  Rendered 30/33 frames
  Complete! Generated 33 frames (2.2s)
ok (12.2s)
  [2/12] theme=sunset     motion=pan_right  ... Generating 33 frames at 15.0 fps...
  Rendered 10/33 frames
  Rendered 20/33 frames
  Rendered 30/33 frames
  Complete! Generated 33 frames (2.2s)
ok (11.7s)
  [3/12] theme=golden     motion=dolly_in   ... Generating 33 frames at 15.0 fps...
  Rendered 10/33 frames
  Rendered 20/33 frames
  Rendered 30/33 frames
  Complete! Generated 33 frames (2.2s)
ok (12.5s)
  [4/12] theme=neon       motion=tracking   ... Generating 33 frames at 15.0 fps...
  Rendered 10/33 frames
  Rendered 20/33 frames
  Rendered 30/33 frames
  Complete! Generated 33 frames (2.2s)
ok (12.0s)
  [5/12] theme=ocean      motion=crane_up   ... Generating 33 frames at 15.0 fps...
  Rendered 10/33 frames
  Rendered 20/33 frames
  Rendered 30/33 frames
  Complete! Generated 33 frames (2.2s)
ok (12.0s)
  [6/12] theme=mountains  motion=pan_left   ... Generating 33 frames at 15.0 fps...
  Rendered 10/33 frames
  Rendered 20/33 frames
  Rendered 30/33 frames
  Complete! Generated 33 frames (2.2s)
ok (12.0s)
  [7/12] theme=mono       motion=dolly_out  ... Generating 33 frames at 15.0 fps...
  Rendered 10/33 frames
  Rendered 20/33 frames
  Rendered 30/33 frames
  Complete! Generated 33 frames (2.2s)
ok (12.0s)
  [8/12] theme=campfire   motion=orbit      ... Generating 33 frames at 15.0 fps...
  Rendered 10/33 frames
  Rendered 20/33 frames
  Rendered 30/33 frames
  Complete! Generated 33 frames (2.2s)
ok (12.7s)
  [9/12] theme=cyber      motion=dutch_tilt ... Generating 33 frames at 15.0 fps...
  Rendered 10/33 frames
  Rendered 20/33 frames
  Rendered 30/33 frames
  Complete! Generated 33 frames (2.2s)
ok (12.7s)
  [10/12] theme=moody      motion=handheld   ... Generating 33 frames at 15.0 fps...
  Rendered 10/33 frames
  Rendered 20/33 frames
  Rendered 30/33 frames
  Complete! Generated 33 frames (2.2s)
ok (12.2s)
  [11/12] theme=meadow     motion=pan_left   ... Generating 33 frames at 15.0 fps...
  Rendered 10/33 frames
  Rendered 20/33 frames
  Rendered 30/33 frames
  Complete! Generated 33 frames (2.2s)
ok (12.4s)
  [12/12] theme=storm      motion=crane_down ... Traceback (most recent call last):
  File "/usr/lib/python3.10/runpy.py", line 196, in _run_module_as_main
    return _run_code(code, main_globals, None,
  File "/usr/lib/python3.10/runpy.py", line 86, in _run_code
    exec(code, run_globals)
  File "/home/kim/computer_vision_pipeline/src/main.py", line 416, in <module>
    raise SystemExit(main())
  File "/home/kim/computer_vision_pipeline/src/main.py", line 408, in main
    args.fn(studio, args)
  File "/home/kim/computer_vision_pipeline/src/main.py", line 237, in cmd_portfolio
    outcome = build_portfolio(
  File "/home/kim/computer_vision_pipeline/src/forge/showcase.py", line 210, in build_portfolio
    gallery = _gallery_html(rows, out, {
  File "/home/kim/computer_vision_pipeline/src/forge/showcase.py", line 92, in _gallery_html
    page = """<!DOCTYPE html>
KeyError: ' --bg'
Generating 33 frames at 15.0 fps...
  Rendered 10/33 frames
  Rendered 20/33 frames
  Rendered 30/33 frames
  Complete! Generated 33 frames (2.2s)
ok (12.5s)
