[cinematic] prompt -> theme 'apocalypse' (urban scene, orbit move)
Generating 120 frames at 24.0 fps...
  Rendered 10/120 frames
  Rendered 20/120 frames
  Rendered 30/120 frames
  Rendered 40/120 frames
  Rendered 50/120 frames
  Rendered 60/120 frames
  Rendered 70/120 frames
  Rendered 80/120 frames
  Rendered 90/120 frames
  Rendered 100/120 frames
  Rendered 110/120 frames
  Rendered 120/120 frames
  Complete! Generated 120 frames (5.0s)

============================================================
Generated: zombies_city.mp4
============================================================
──────────────────────────────────────────────────────────────────────
Generated Clip
──────────────────────────────────────────────────────────────────────
Prompt:       zombies walking on the street in a city at night, apocalyptic
Backend:      cinematic
Resolution:   960x540
FPS:          24.00
Duration:     5.00s
Frames:       120
Seed:         7
Metrics:
                     frames: 120
                 duration_s: 5.0
                        fps: 24.0
                    metrics: {'mean_frame_diff': 0.1961, 'mean_optical_flow_px': 0.06, 'temporal_diversity': 0.2385, 'avg_sharpness': 305.57, 'avg_colorfulness': 13.889, 'avg_noise_level': 70.81, 'avg_dynamic_range': 27.76, 'avg_color_temperature': 0.98, 'motion_continuity': 1.094, 'perceptual_quality': 0.383, 'color_range': (13.88899, 0.0009271281824357741), 'temp_range': (0.9800000000000003, 3.3306690738754696e-16)}

Output files:
  - Video:    outputs/zombies_city.mp4
  - Preview:  outputs/zombies_city.gif
  - Contact:  outputs/zombies_city.png
============================================================

