Generating improved procedural zombies (better silhouettes, cars, horde size)...
[cinematic] prompt -> theme 'apocalypse' (urban scene, handheld move)
Generating 120 frames at 24.0 fps...
  Rendered 10/120 frames
  Rendered 20/120 frames
  Rendered 30/120 frames
  Rendered 40/120 frames
  Rendered 50/120 frames
  Rendered 60/120 frames
  Rendered 70/120 frames
  Rendered 80/120 frames
  Rendered 90/120 frames
  Rendered 100/120 frames
  Rendered 110/120 frames
  Rendered 120/120 frames
  Complete! Generated 120 frames (5.0s)

============================================================
Generated: outputs/zombies_city_v2.mp4
============================================================
──────────────────────────────────────────────────────────────────────
Generated Clip
──────────────────────────────────────────────────────────────────────
Prompt:       zombies walking on the street in a city at night, apocalyptic, horde of undead, abandoned cars, police barricade, fog, horror
Backend:      cinematic
Resolution:   960x540
FPS:          24.00
Duration:     5.00s
Frames:       120
Seed:         7
Metrics:
                     frames: 120
                 duration_s: 5.0
                        fps: 24.0
                    metrics: {'mean_frame_diff': 0.0835, 'mean_optical_flow_px': 0.02, 'temporal_diversity': 0.1413, 'avg_sharpness': 269.69, 'avg_colorfulness': 26.473, 'avg_noise_level': 55.16, 'avg_dynamic_range': 9.01, 'avg_color_temperature': 1.25, 'motion_continuity': 1.019, 'perceptual_quality': 0.434, 'color_range': (26.472998333333337, 4.238251877169472), 'temp_range': (1.2523333333333335, 0.07240779577427349)}

Output files:
  - Video:    outputs/zombies_city_v2.mp4  (299 KB)
  - Preview:  outputs/zombies_city_v2.gif  (13519 KB)
  - Contact:  outputs/zombies_city_v2.png  (4679 KB)
============================================================
